Microchip MPLAB XC8 Compiler V2.50

Linker command line:

-W-3 \
  --edf=C:\Program Files\Microchip\xc8\v2.50\pic\dat\20240725155939_en.msgs \
  -cn -h+dist/default/production\Dashboard_ECU3.X.production.sym \
  --cmf=dist/default/production\Dashboard_ECU3.X.production.cmf -z \
  -Q18F4580 -oC:\Users\sekha\AppData\Local\Temp\xcAs28c.\driver_tmp_3.o \
  --defsym=__MPLAB_BUILD=1 --fixupoverflow=error \
  -Mdist/default/production/Dashboard_ECU3.X.production.map \
  --md=C:\Users\sekha\AppData\Local\Temp\xcAs28c.\driver_tmp_0.dat -E1 \
  -ver=XC8 Compiler --acfsm=1493 -ACODE=00h-07FFFh -ACONST=00h-07FFFh \
  -ASMALLCONST=0600h-06FFhx122 -AMEDIUMCONST=0600h-07FFFh -ACOMRAM=01h-05Fh \
  -AABS1=00h-05FFh -ABIGRAM=01h-05FFh -ARAM=060h-0FFh,0100h-01FFhx5 \
  -ABANK0=060h-0FFh -ABANK1=0100h-01FFh -ABANK2=0200h-02FFh \
  -ABANK3=0300h-03FFh -ABANK4=0400h-04FFh -ABANK5=0500h-05FFh \
  -ASFR=0D00h-0DFFhx2,0F00h-0F5Fh,0F60h-0FFFh -ABIGSFR=0D00h-0FFFh \
  -ACONFIG=0300000h-030000Dh -AIDLOC=0200000h-0200007h \
  -AEEDATA=0F00000h-0F000FFh -peeprom_data=EEDATA \
  -preset_vec=00h,intcode,sivt_hi,intcodelo,sivt_lo,powerup,init \
  -pramtop=0600h -psmallconst=SMALLCONST -pmediumconst=MEDIUMCONST \
  -pconst=CONST -AFARRAM=00h-00h \
  -prdata=COMRAM,nvrram=COMRAM,nvbit=COMRAM,rbss=COMRAM,rbit=COMRAM \
  -pfarbss=FARRAM,fardata=FARRAM,nvFARRAM=FARRAM \
  -pintsave_regs=BIGRAM,bigbss=BIGRAM,bigdata=BIGRAM -pbss=RAM \
  -pidata=CODE,irdata=CODE,ibigdata=CODE,ifardata=CODE -prparam=COMRAM \
  C:\Users\sekha\AppData\Local\Temp\xcAs28c.\driver_tmp_9.o \
  dist/default/production\Dashboard_ECU3.X.production.o 

Object code version is 3.11

Machine type is 18F4580



                Name                               Link     Load   Length Selector   Space Scale
C:\Users\sekha\AppData\Local\Temp\xcAs28c.\driver_tmp_9.o
                idloc                            200000   200000        8        0       5
                config                           300000   300000        E        0       4
                init                                  0        0        4        0       0
dist/default/production\Dashboard_ECU3.X.production.o
                idloc                            200000   200000        8        0       5
                config                           300000   300000        E        0       4
                smallconst                          600      600       24      300       0
                text17                              B9E      B9E       3A      312       0
                text16                              B22      B22       42      312       0
                text15                              BD8      BD8       38      312       0
                text14                              C10      C10       34      312       0
                text13                              CBC      CBC        8      312       0
                text12                              C98      C98       16      312       0
                text11                              C82      C82       16      312       0
                text10                              B64      B64       3A      312       0
                text9                               98E      98E       92      312       0
                text8                               C6A      C6A       18      312       0
                text7                               C44      C44       26      312       0
                text6                               624      624      158      312       0
                text5                               A7A      A7A       56      312       0
                text4                               77C      77C       C2      312       0
                text3                               83E      83E       AE      312       0
                text2                               A20      A20       5A      312       0
                text1                               8EC      8EC       A2      312       0
                text0                               AD0      AD0       52      312       0
                cstackCOMRAM                          1        1       1D        1       1
                bssCOMRAM                            1E       1E        2        1       1
                cinit                               CAE      CAE        E      312       0

TOTAL           Name                               Link     Load   Length     Space
        CLASS   CODE           
                init                                  0        0        4         0
                text17                              B9E      B9E       3A         0
                text16                              B22      B22       42         0
                text15                              BD8      BD8       38         0
                text14                              C10      C10       34         0
                text13                              CBC      CBC        8         0
                text12                              C98      C98       16         0
                text11                              C82      C82       16         0
                text10                              B64      B64       3A         0
                text9                               98E      98E       92         0
                text8                               C6A      C6A       18         0
                text7                               C44      C44       26         0
                text6                               624      624      158         0
                text5                               A7A      A7A       56         0
                text4                               77C      77C       C2         0
                text3                               83E      83E       AE         0
                text2                               A20      A20       5A         0
                text1                               8EC      8EC       A2         0
                text0                               AD0      AD0       52         0
                cinit                               CAE      CAE        E         0

        CLASS   CONST          

        CLASS   SMALLCONST     
                smallconst                          600      600       24         0

        CLASS   MEDIUMCONST    

        CLASS   COMRAM         
                cstackCOMRAM                          1        1       1D         1
                bssCOMRAM                            1E       1E        2         1

        CLASS   ABS1           

        CLASS   BIGRAM         

        CLASS   RAM            

        CLASS   BANK0          

        CLASS   BANK1          

        CLASS   BANK2          

        CLASS   BANK3          

        CLASS   BANK4          

        CLASS   BANK5          

        CLASS   SFR            

        CLASS   BIGSFR         

        CLASS   CONFIG         
                config                           300000   300000        E         4

        CLASS   IDLOC          
                idloc                            200000   200000        8         5

        CLASS   EEDATA         

        CLASS   FARRAM         

        CLASS   HEAP           

        CLASS   STACK          



SEGMENTS        Name                           Load    Length   Top    Selector   Space  Class

                reset_vec                      000000  000004  000004         0       0  CODE    
                cstackCOMRAM                   000001  00001F  000020         1       1  COMRAM  
                smallconst                     000600  000024  000624       300       0  SMALLCON
                text6                          000624  0006A0  000CC4       312       0  CODE    


UNUSED ADDRESS RANGES

        Name                Unused          Largest block    Delta
        BANK0            000060-0000FF               A0
        BANK1            000100-0001FF              100
        BANK2            000200-0002FF              100
        BANK3            000300-0003FF              100
        BANK4            000400-0004FF              100
        BANK5            000500-0005FF              100
        BIGRAM           000020-0005FF              5E0
        BIGSFR           000D00-000FFF              300
        CODE             000004-0005FF              5FC
                         000CC4-007FFF             733C
        COMRAM           000020-00005F               40
        CONST            000004-0005FF              5FC
                         000CC4-007FFF             733C
        EEDATA           F00000-F000FF              100
        MEDIUMCONST      000CC4-007FFF             733C
        RAM              000060-0005FF              100
        SFR              000D00-000FFF              100
        SMALLCONST       000CC4-007FFF              100

                                  Symbol Table

?___awdiv                            cstackCOMRAM 000001
?___awmod                            cstackCOMRAM 000001
?_get_msg_id_std                     cstackCOMRAM 000001
_BRG16                               (abs)        007DC3
_BRGCON1                             (abs)        000F70
_BRGCON2                             (abs)        000F71
_BRGCON3                             (abs)        000F72
_BRGH                                (abs)        007D62
_CANCON                              (abs)        000F6F
_CANSTAT                             (abs)        000F6E
_CREN                                (abs)        007D5C
_ECANCON                             (abs)        000F77
_GIE                                 (abs)        007F97
_PEIE                                (abs)        007F96
_PORTB                               (abs)        000F81
_PORTD                               (abs)        000F83
_PSA                                 (abs)        007EAB
_RC0                                 (abs)        007C10
_RC1                                 (abs)        007C11
_RC2                                 (abs)        007C12
_RCIF                                (abs)        007CF5
_RCREG                               (abs)        000FAE
_RD7                                 (abs)        007C1F
_RX9                                 (abs)        007D5E
_RXB0CON                             (abs)        000F60
_RXB0D0                              (abs)        000F66
_RXB0DLC                             (abs)        000F65
_RXB0FUL                             (abs)        007B07
_RXB0IF                              (abs)        007D20
_RXB0SIDH                            (abs)        000F61
_RXB0SIDL                            (abs)        000F62
_RXFCON0                             (abs)        000DD4
_SENDB                               (abs)        007D63
_SPBRG                               (abs)        000FAF
_SPEN                                (abs)        007D5F
_SYNC                                (abs)        007D64
_T08BIT                              (abs)        007EAE
_T0CS                                (abs)        007EAD
_TMR0                                (abs)        000FD6
_TMR0IE                              (abs)        007F95
_TMR0IF                              (abs)        007F92
_TMR0ON                              (abs)        007EAF
_TRISB                               (abs)        000F93
_TRISB2                              (abs)        007C9A
_TRISB3                              (abs)        007C9B
_TRISC                               (abs)        000F94
_TRISC6                              (abs)        007CA6
_TRISC7                              (abs)        007CA7
_TRISD                               (abs)        000F95
_TRISD7                              (abs)        007CAF
_TX9                                 (abs)        007D66
_TXB0D0                              (abs)        000F46
_TXB0DLC                             (abs)        000F45
_TXB0EIDH                            (abs)        000F43
_TXB0EIDL                            (abs)        000F44
_TXB0REQ                             (abs)        007A03
_TXB0SIDH                            (abs)        000F41
_TXB0SIDL                            (abs)        000F42
_TXEN                                (abs)        007D65
_TXIF                                (abs)        007CF4
_TXREG                               (abs)        000FAD
__HRAM                               (abs)        000000
__H__absolute__                      __absolute__ 000000
__Habs1                              abs1         000000
__Hbank0                             bank0        000000
__Hbank1                             bank1        000000
__Hbank2                             bank2        000000
__Hbank3                             bank3        000000
__Hbank4                             bank4        000000
__Hbank5                             bank5        000000
__Hbigbss                            bigbss       000000
__Hbigdata                           bigdata      000000
__Hbigram                            bigram       000000
__Hbigsfr                            bigsfr       000000
__Hbss                               bss          000000
__HbssCOMRAM                         bssCOMRAM    000000
__Hcinit                             cinit        000000
__Hclrtext                           clrtext      000000
__Hcomram                            comram       000000
__Hconfig                            config       30000E
__Hconst                             const        000000
__HcstackCOMRAM                      cstackCOMRAM 000000
__Hdata                              data         000000
__Heeprom_data                       eeprom_data  000000
__Hfarbss                            farbss       000000
__Hfardata                           fardata      000000
__Hheap                              heap         000000
__Hibigdata                          ibigdata     000000
__Hidata                             idata        000000
__Hidloc                             idloc        200008
__Hifardata                          ifardata     000000
__Hinit                              init         000004
__Hintcode                           intcode      000000
__Hintcode_body                      intcode_body 000000
__Hintcodelo                         intcodelo    000000
__Hintentry                          intentry     000000
__Hintret                            intret       000000
__Hintsave_regs                      intsave_regs 000000
__Hirdata                            irdata       000000
__Hmediumconst                       mediumconst  000000
__HnvFARRAM                          nvFARRAM     000000
__Hnvbit                             nvbit        000000
__Hnvrram                            nvrram       000000
__Hparam                             rparam       000000
__Hpowerup                           powerup      000000
__Hram                               ram          000000
__Hramtop                            ramtop       000600
__Hrbit                              rbit         000000
__Hrbss                              rbss         000000
__Hrdata                             rdata        000000
__Hreset_vec                         reset_vec    000000
__Hrparam                            rparam       000000
__Hsfr                               sfr          000000
__Hsivt_hi                           sivt_hi      000000
__Hsivt_lo                           sivt_lo      000000
__Hsmallconst                        smallconst   000624
__Hspace_0                           (abs)        000CC4
__Hspace_1                           (abs)        000020
__Hspace_2                           (abs)        000000
__Hspace_4                           (abs)        60000E
__Hstack                             stack        000000
__Hstruct                            struct       000000
__Htemp                              temp         000000
__Htext                              text         000000
__Htext0                             text0        000000
__Htext1                             text1        000000
__Htext10                            text10       000000
__Htext11                            text11       000000
__Htext12                            text12       000000
__Htext13                            text13       000000
__Htext14                            text14       000000
__Htext15                            text15       000000
__Htext16                            text16       000000
__Htext17                            text17       000000
__Htext2                             text2        000000
__Htext3                             text3        000000
__Htext4                             text4        000000
__Htext5                             text5        000000
__Htext6                             text6        000000
__Htext7                             text7        000000
__Htext8                             text8        000000
__Htext9                             text9        000000
__LRAM                               (abs)        000001
__L__absolute__                      __absolute__ 000000
__Labs1                              abs1         000000
__Lbank0                             bank0        000000
__Lbank1                             bank1        000000
__Lbank2                             bank2        000000
__Lbank3                             bank3        000000
__Lbank4                             bank4        000000
__Lbank5                             bank5        000000
__Lbigbss                            bigbss       000000
__Lbigdata                           bigdata      000000
__Lbigram                            bigram       000000
__Lbigsfr                            bigsfr       000000
__Lbss                               bss          000000
__LbssCOMRAM                         bssCOMRAM    000000
__Lcinit                             cinit        000000
__Lclrtext                           clrtext      000000
__Lcomram                            comram       000000
__Lconfig                            config       000000
__Lconst                             const        000000
__LcstackCOMRAM                      cstackCOMRAM 000000
__Ldata                              data         000000
__Leeprom_data                       eeprom_data  000000
__Lfarbss                            farbss       000000
__Lfardata                           fardata      000000
__Lheap                              heap         000000
__Libigdata                          ibigdata     000000
__Lidata                             idata        000000
__Lidloc                             idloc        000000
__Lifardata                          ifardata     000000
__Linit                              init         000000
__Lintcode                           intcode      000000
__Lintcode_body                      intcode_body 000000
__Lintcodelo                         intcodelo    000000
__Lintentry                          intentry     000000
__Lintret                            intret       000000
__Lintsave_regs                      intsave_regs 000000
__Lirdata                            irdata       000000
__Lmediumconst                       mediumconst  000000
__LnvFARRAM                          nvFARRAM     000000
__Lnvbit                             nvbit        000000
__Lnvrram                            nvrram       000000
__Lparam                             rparam       000000
__Lpowerup                           powerup      000000
__Lram                               ram          000000
__Lramtop                            ramtop       000600
__Lrbit                              rbit         000000
__Lrbss                              rbss         000000
__Lrdata                             rdata        000000
__Lreset_vec                         reset_vec    000000
__Lrparam                            rparam       000000
__Lsfr                               sfr          000000
__Lsivt_hi                           sivt_hi      000000
__Lsivt_lo                           sivt_lo      000000
__Lsmallconst                        smallconst   000600
__Lspace_0                           (abs)        000000
__Lspace_1                           (abs)        000000
__Lspace_2                           (abs)        000000
__Lspace_4                           (abs)        000000
__Lstack                             stack        000000
__Lstruct                            struct       000000
__Ltemp                              temp         000000
__Ltext                              text         000000
__Ltext0                             text0        000000
__Ltext1                             text1        000000
__Ltext10                            text10       000000
__Ltext11                            text11       000000
__Ltext12                            text12       000000
__Ltext13                            text13       000000
__Ltext14                            text14       000000
__Ltext15                            text15       000000
__Ltext16                            text16       000000
__Ltext17                            text17       000000
__Ltext2                             text2        000000
__Ltext3                             text3        000000
__Ltext4                             text4        000000
__Ltext5                             text5        000000
__Ltext6                             text6        000000
__Ltext7                             text7        000000
__Ltext8                             text8        000000
__Ltext9                             text9        000000
__S0                                 (abs)        000CC4
__S1                                 (abs)        000020
__S4                                 (abs)        000000
__S5                                 (abs)        000000
___awdiv                             text4        00077C
___awdiv@counter                     cstackCOMRAM 000005
___awdiv@dividend                    cstackCOMRAM 000001
___awdiv@divisor                     cstackCOMRAM 000003
___awdiv@quotient                    cstackCOMRAM 000007
___awdiv@sign                        cstackCOMRAM 000006
___awmod                             text3        00083E
___awmod@counter                     cstackCOMRAM 000005
___awmod@dividend                    cstackCOMRAM 000001
___awmod@divisor                     cstackCOMRAM 000003
___awmod@sign                        cstackCOMRAM 000006
___heap_hi                           (abs)        000000
___heap_lo                           (abs)        000000
___inthi_sp                          stack        000000
___inthi_stack_hi                    stack        000000
___inthi_stack_lo                    stack        000000
___intlo_sp                          stack        000000
___intlo_stack_hi                    stack        000000
___intlo_stack_lo                    stack        000000
___param_bank                        (abs)        000000
___rparam_used                       (abs)        000001
___sp                                stack        000000
___stack_hi                          stack        000000
___stack_lo                          stack        000000
__accesstop                          (abs)        000060
__activetblptr                       (abs)        000002
__end_of___awdiv                     text4        00083E
__end_of___awmod                     text3        0008EC
__end_of__initialization             cinit        000CB2
__end_of_can_receive                 text9        000A20
__end_of_clcd_print                  text16       000B64
__end_of_clcd_putch                  text8        000C82
__end_of_clcd_write                  text17       000BD8
__end_of_get_msg_id_std              text10       000B9E
__end_of_handle_gear_data            text7        000C6A
__end_of_handle_indicator_data       text6        00077C
__end_of_handle_rpm_data             text5        000AD0
__end_of_handle_speed_data           text2        000A7A
__end_of_init_can                    text15       000C10
__end_of_init_clcd                   text14       000C44
__end_of_init_config                 text11       000C98
__end_of_init_leds                   text13       000CC4
__end_of_init_timer0                 text12       000CAE
__end_of_main                        text0        000B22
__end_of_process_canbus_data         text1        00098E
__initialization                     cinit        000CAE
__mediumconst                        mediumconst  000000
__pbssCOMRAM                         bssCOMRAM    00001E
__pcinit                             cinit        000CAE
__pcstackCOMRAM                      cstackCOMRAM 000001
__psmallconst                        smallconst   000600
__ptext0                             text0        000AD0
__ptext1                             text1        0008EC
__ptext10                            text10       000B64
__ptext11                            text11       000C82
__ptext12                            text12       000C98
__ptext13                            text13       000CBC
__ptext14                            text14       000C10
__ptext15                            text15       000BD8
__ptext16                            text16       000B22
__ptext17                            text17       000B9E
__ptext2                             text2        000A20
__ptext3                             text3        00083E
__ptext4                             text4        00077C
__ptext5                             text5        000A7A
__ptext6                             text6        000624
__ptext7                             text7        000C44
__ptext8                             text8        000C6A
__ptext9                             text9        00098E
__ramtop                             ramtop       000600
__smallconst                         smallconst   000600
_can_receive                         text9        00098E
_clcd_print                          text16       000B22
_clcd_putch                          text8        000C6A
_clcd_write                          text17       000B9E
_delay                               bssCOMRAM    00001E
_get_msg_id_std                      text10       000B64
_handle_gear_data                    text7        000C44
_handle_indicator_data               text6        000624
_handle_rpm_data                     text5        000A7A
_handle_speed_data                   text2        000A20
_init_can                            text15       000BD8
_init_clcd                           text14       000C10
_init_config                         text11       000C82
_init_leds                           text13       000CBC
_init_timer0                         text12       000C98
_main                                text0        000AD0
_process_canbus_data                 text1        0008EC
can_receive@data                     cstackCOMRAM 00000A
can_receive@i                        cstackCOMRAM 000011
can_receive@len                      cstackCOMRAM 00000B
can_receive@msg_id                   cstackCOMRAM 000009
can_receive@ptr                      cstackCOMRAM 00000F
clcd_print@addr                      cstackCOMRAM 000004
clcd_print@data                      cstackCOMRAM 000003
clcd_putch@addr                      cstackCOMRAM 000003
clcd_putch@data                      cstackCOMRAM 000004
clcd_write@byte                      cstackCOMRAM 000002
clcd_write@control_bit               cstackCOMRAM 000001
end_of_initialization                cinit        000CB2
get_msg_id_std@id                    cstackCOMRAM 000007
handle_gear_data@data                cstackCOMRAM 000005
handle_gear_data@len                 cstackCOMRAM 000006
handle_indicator_data@cur_ind_status cstackCOMRAM 000005
handle_indicator_data@data           cstackCOMRAM 000001
handle_indicator_data@len            cstackCOMRAM 000002
handle_rpm_data@data                 cstackCOMRAM 000005
handle_rpm_data@i                    cstackCOMRAM 00000C
handle_rpm_data@len                  cstackCOMRAM 000006
handle_rpm_data@line                 cstackCOMRAM 00000A
handle_speed_data@data               cstackCOMRAM 000009
handle_speed_data@len                cstackCOMRAM 00000A
handle_speed_data@sp                 cstackCOMRAM 00000C
handle_speed_data@sp1                cstackCOMRAM 00000D
intlevel0                            text         000000
intlevel1                            text         000000
intlevel2                            text         000000
intlevel3                            text         000000
isa$std                              (abs)        000001
isa$xinst                            (abs)        000000
process_canbus_data@data             cstackCOMRAM 000013
process_canbus_data@len              cstackCOMRAM 00001D
process_canbus_data@msg_id           cstackCOMRAM 00001B
stackhi                              (abs)        000000
stacklo                              (abs)        000000
start                                init         000000
start_initialization                 cinit        000CAE


MODULE INFORMATION

Module		Function		Class		Link	Load	Size
message_handler.c
		_handle_gear_data		CODE           	0C44	0000	38
		_handle_speed_data		CODE           	0A20	0000	90
		_handle_indicator_data		CODE           	0624	0000	344
		_handle_rpm_data		CODE           	0A7A	0000	86
		_process_canbus_data		CODE           	08EC	0000	162

message_handler.c estimated size: 720

C:\Program Files\Microchip\xc8\v2.50\pic\sources\c99\common\awmod.c
		___awmod       		CODE           	083E	0000	174

C:\Program Files\Microchip\xc8\v2.50\pic\sources\c99\common\awmod.c estimated size: 174

timer0.c
		_init_timer0   		CODE           	0C98	0000	22

timer0.c estimated size: 22

shared
		__initialization		CODE           	0CAE	0000	4

shared estimated size: 4

clcd.c
		_clcd_write    		CODE           	0B9E	0000	58
		_clcd_print    		CODE           	0B22	0000	66
		_clcd_putch    		CODE           	0C6A	0000	24
		_init_clcd     		CODE           	0C10	0000	52

clcd.c estimated size: 200

can.c
		_init_can      		CODE           	0BD8	0000	56
		_can_receive   		CODE           	098E	0000	146
		_get_msg_id_std		CODE           	0B64	0000	58

can.c estimated size: 260

C:\Program Files\Microchip\xc8\v2.50\pic\sources\c99\common\awdiv.c
		___awdiv       		CODE           	077C	0000	194

C:\Program Files\Microchip\xc8\v2.50\pic\sources\c99\common\awdiv.c estimated size: 194

main.c
		_init_leds     		CODE           	0CBC	0000	8
		_main          		CODE           	0AD0	0000	82
		_init_config   		CODE           	0C82	0000	22

main.c estimated size: 112

