Microchip MPLAB XC8 Compiler V2.50

Linker command line:

-W-3 \
  --edf=C:\Program Files\Microchip\xc8\v2.50\pic\dat\20240725155939_en.msgs \
  -cn -h+dist/default/production\ECU1.X.production.sym \
  --cmf=dist/default/production\ECU1.X.production.cmf -z -Q18F4580 \
  -oC:\Users\sekha\AppData\Local\Temp\xcAsn0o.\driver_tmp_3.o \
  --defsym=__MPLAB_BUILD=1 --fixupoverflow=error \
  -Mdist/default/production/ECU1.X.production.map \
  --md=C:\Users\sekha\AppData\Local\Temp\xcAsn0o.\driver_tmp_0.dat -E1 \
  -ver=XC8 Compiler --acfsm=1493 -ACODE=00h-07FFFh -ACONST=00h-07FFFh \
  -ASMALLCONST=0600h-06FFhx122 -AMEDIUMCONST=0600h-07FFFh -ACOMRAM=01h-05Fh \
  -AABS1=00h-05FFh -ABIGRAM=01h-05FFh -ARAM=060h-0FFh,0100h-01FFhx5 \
  -ABANK0=060h-0FFh -ABANK1=0100h-01FFh -ABANK2=0200h-02FFh \
  -ABANK3=0300h-03FFh -ABANK4=0400h-04FFh -ABANK5=0500h-05FFh \
  -ASFR=0D00h-0DFFhx2,0F00h-0F5Fh,0F60h-0FFFh -ABIGSFR=0D00h-0FFFh \
  -ACONFIG=0300000h-030000Dh -AIDLOC=0200000h-0200007h \
  -AEEDATA=0F00000h-0F000FFh -peeprom_data=EEDATA \
  -preset_vec=00h,intcode,sivt_hi,intcodelo,sivt_lo,powerup,init \
  -pramtop=0600h -psmallconst=SMALLCONST -pmediumconst=MEDIUMCONST \
  -pconst=CONST -AFARRAM=00h-00h \
  -prdata=COMRAM,nvrram=COMRAM,nvbit=COMRAM,rbss=COMRAM,rbit=COMRAM \
  -pfarbss=FARRAM,fardata=FARRAM,nvFARRAM=FARRAM \
  -pintsave_regs=BIGRAM,bigbss=BIGRAM,bigdata=BIGRAM -pbss=RAM \
  -pidata=CODE,irdata=CODE,ibigdata=CODE,ifardata=CODE -prparam=COMRAM \
  C:\Users\sekha\AppData\Local\Temp\xcAsn0o.\driver_tmp_9.o \
  dist/default/production\ECU1.X.production.o 

Object code version is 3.11

Machine type is 18F4580



                Name                               Link     Load   Length Selector   Space Scale
C:\Users\sekha\AppData\Local\Temp\xcAsn0o.\driver_tmp_9.o
                idloc                            200000   200000        8        0       5
                config                           300000   300000        E        0       4
                init                                  0        0        4        0       0
dist/default/production\ECU1.X.production.o
                idloc                            200000   200000        8        0       5
                config                           300000   300000        E        0       4
                smallconst                          600      600        2      300       0
                text14                             100C     100C       3C      301       0
                text13                              E5C      E5C       70      301       0
                text12                              B46      B46      108      301       0
                text11                              F32      F32       58      301       0
                text10                              D54      D54       98      301       0
                text9                               602      602      390      301       0
                text8                               C4E      C4E      106      301       0
                text7                               992      992      1B4      301       0
                text6                               F8A      F8A       46      301       0
                text5                               DEC      DEC       70      301       0
                text4                              1048     1048       2C      301       0
                text3                               FD0      FD0       3C      301       0
                text2                              10BA     10BA       12      85D       0
                text1                              10CC     10CC        E      85D       0
                text0                               ECC      ECC       66      301       0
                cstackCOMRAM                          1        1       3B        1       1
                dataCOMRAM                           3C       3C       1D        1       1
                bssCOMRAM                            59       59        1        1       1
                cinit                              1074     1074       28      301       0
                idataCOMRAM                        109C     109C       1D      301       0

TOTAL           Name                               Link     Load   Length     Space
        CLASS   CODE           
                init                                  0        0        4         0
                text14                             100C     100C       3C         0
                text13                              E5C      E5C       70         0
                text12                              B46      B46      108         0
                text11                              F32      F32       58         0
                text10                              D54      D54       98         0
                text9                               602      602      390         0
                text8                               C4E      C4E      106         0
                text7                               992      992      1B4         0
                text6                               F8A      F8A       46         0
                text5                               DEC      DEC       70         0
                text4                              1048     1048       2C         0
                text3                               FD0      FD0       3C         0
                text2                              10BA     10BA       12         0
                text1                              10CC     10CC        E         0
                text0                               ECC      ECC       66         0
                cinit                              1074     1074       28         0
                idataCOMRAM                        109C     109C       1D         0

        CLASS   CONST          

        CLASS   SMALLCONST     
                smallconst                          600      600        2         0

        CLASS   MEDIUMCONST    

        CLASS   COMRAM         
                cstackCOMRAM                          1        1       3B         1
                dataCOMRAM                           3C       3C       1D         1
                bssCOMRAM                            59       59        1         1

        CLASS   ABS1           

        CLASS   BIGRAM         

        CLASS   RAM            

        CLASS   BANK0          

        CLASS   BANK1          

        CLASS   BANK2          

        CLASS   BANK3          

        CLASS   BANK4          

        CLASS   BANK5          

        CLASS   SFR            

        CLASS   BIGSFR         

        CLASS   CONFIG         
                config                           300000   300000        E         4

        CLASS   IDLOC          
                idloc                            200000   200000        8         5

        CLASS   EEDATA         

        CLASS   FARRAM         

        CLASS   HEAP           

        CLASS   STACK          



SEGMENTS        Name                           Load    Length   Top    Selector   Space  Class

                reset_vec                      000000  000004  000004         0       0  CODE    
                cstackCOMRAM                   000001  000059  00005A         1       1  COMRAM  
                smallconst                     000600  000002  000602       300       0  SMALLCON
                text9                          000602  000AB7  0010B9       301       0  CODE    
                text2                          0010BA  000020  0010DA       85D       0  CODE    


UNUSED ADDRESS RANGES

        Name                Unused          Largest block    Delta
        BANK0            000060-0000FF               A0
        BANK1            000100-0001FF              100
        BANK2            000200-0002FF              100
        BANK3            000300-0003FF              100
        BANK4            000400-0004FF              100
        BANK5            000500-0005FF              100
        BIGRAM           00005A-0005FF              5A6
        BIGSFR           000D00-000FFF              300
        CODE             000004-0005FF              5FC
                         0010B9-0010B9                1
                         0010DA-007FFF             6F26
        COMRAM           00005A-00005F                6
        CONST            000004-0005FF              5FC
                         0010B9-0010B9                1
                         0010DA-007FFF             6F26
        EEDATA           F00000-F000FF              100
        MEDIUMCONST      0010B9-0010B9                1
                         0010DA-007FFF             6F26
        RAM              000060-0005FF              100
        SFR              000D00-000FFF              100
        SMALLCONST       0010B9-0010B9                1
                         0010DA-007FFF              100

                                  Symbol Table

?___fldiv                    cstackCOMRAM 00000F
?___fltol                    cstackCOMRAM 000028
?___xxtofl                   cstackCOMRAM 000001
?_get_speed                  cstackCOMRAM 000032
?_read_adc                   cstackCOMRAM 000001
_ACQT0                       (abs)        007E03
_ACQT1                       (abs)        007E04
_ACQT2                       (abs)        007E05
_ADCON0                      (abs)        000FC2
_ADCON1                      (abs)        000FC1
_ADCS0                       (abs)        007E00
_ADCS1                       (abs)        007E01
_ADCS2                       (abs)        007E02
_ADFM                        (abs)        007E07
_ADON                        (abs)        007E10
_ADRESH                      (abs)        000FC4
_ADRESL                      (abs)        000FC3
_BRG16                       (abs)        007DC3
_BRGCON1                     (abs)        000F70
_BRGCON2                     (abs)        000F71
_BRGCON3                     (abs)        000F72
_BRGH                        (abs)        007D62
_CANCON                      (abs)        000F6F
_CANSTAT                     (abs)        000F6E
_CHS0                        (abs)        007E12
_CHS1                        (abs)        007E13
_CHS2                        (abs)        007E14
_CHS3                        (abs)        007E15
_CREN                        (abs)        007D5C
_ECANCON                     (abs)        000F77
_GO                          (abs)        007E11
_PCFG0                       (abs)        007E08
_PCFG1                       (abs)        007E09
_PCFG2                       (abs)        007E0A
_PCFG3                       (abs)        007E0B
_PORTB                       (abs)        000F81
_PORTBbits                   (abs)        000F81
_PORTC                       (abs)        000F82
_PORTD                       (abs)        000F83
_RBPU                        (abs)        007F8F
_RC0                         (abs)        007C10
_RC1                         (abs)        007C11
_RC2                         (abs)        007C12
_RCIF                        (abs)        007CF5
_RCREG                       (abs)        000FAE
_RD7                         (abs)        007C1F
_RX9                         (abs)        007D5E
_RXB0CON                     (abs)        000F60
_RXB0CONbits                 (abs)        000F60
_RXB0D0                      (abs)        000F66
_RXB0DLC                     (abs)        000F65
_RXB0FUL                     (abs)        007B07
_RXB0IF                      (abs)        007D20
_RXB0SIDH                    (abs)        000F61
_RXB0SIDL                    (abs)        000F62
_RXFCON0                     (abs)        000DD4
_SENDB                       (abs)        007D63
_SPBRG                       (abs)        000FAF
_SPEN                        (abs)        007D5F
_SYNC                        (abs)        007D64
_TRISB                       (abs)        000F93
_TRISB2                      (abs)        007C9A
_TRISB3                      (abs)        007C9B
_TRISC                       (abs)        000F94
_TRISC6                      (abs)        007CA6
_TRISC7                      (abs)        007CA7
_TRISD                       (abs)        000F95
_TRISD7                      (abs)        007CAF
_TX9                         (abs)        007D66
_TXB0D0                      (abs)        000F46
_TXB0DLC                     (abs)        000F45
_TXB0EIDH                    (abs)        000F43
_TXB0EIDL                    (abs)        000F44
_TXB0REQ                     (abs)        007A03
_TXB0SIDH                    (abs)        000F41
_TXB0SIDL                    (abs)        000F42
_TXEN                        (abs)        007D65
_TXIF                        (abs)        007CF4
_TXREG                       (abs)        000FAD
_VCFG0                       (abs)        007E0C
_VCFG1                       (abs)        007E0D
__HRAM                       (abs)        000000
__H__absolute__              __absolute__ 000000
__Habs1                      abs1         000000
__Hbank0                     bank0        000000
__Hbank1                     bank1        000000
__Hbank2                     bank2        000000
__Hbank3                     bank3        000000
__Hbank4                     bank4        000000
__Hbank5                     bank5        000000
__Hbigbss                    bigbss       000000
__Hbigdata                   bigdata      000000
__Hbigram                    bigram       000000
__Hbigsfr                    bigsfr       000000
__Hbss                       bss          000000
__HbssCOMRAM                 bssCOMRAM    000000
__Hcinit                     cinit        000000
__Hclrtext                   clrtext      000000
__Hcomram                    comram       000000
__Hconfig                    config       30000E
__Hconst                     const        000000
__HcstackCOMRAM              cstackCOMRAM 000000
__Hdata                      data         000000
__HdataCOMRAM                dataCOMRAM   000000
__Heeprom_data               eeprom_data  000000
__Hfarbss                    farbss       000000
__Hfardata                   fardata      000000
__Hheap                      heap         000000
__Hibigdata                  ibigdata     000000
__Hidata                     idata        000000
__HidataCOMRAM               idataCOMRAM  000000
__Hidloc                     idloc        200008
__Hifardata                  ifardata     000000
__Hinit                      init         000004
__Hintcode                   intcode      000000
__Hintcode_body              intcode_body 000000
__Hintcodelo                 intcodelo    000000
__Hintentry                  intentry     000000
__Hintret                    intret       000000
__Hintsave_regs              intsave_regs 000000
__Hirdata                    irdata       000000
__Hmediumconst               mediumconst  000000
__HnvFARRAM                  nvFARRAM     000000
__Hnvbit                     nvbit        000000
__Hnvrram                    nvrram       000000
__Hparam                     rparam       000000
__Hpowerup                   powerup      000000
__Hram                       ram          000000
__Hramtop                    ramtop       000600
__Hrbit                      rbit         000000
__Hrbss                      rbss         000000
__Hrdata                     rdata        000000
__Hreset_vec                 reset_vec    000000
__Hrparam                    rparam       000000
__Hsfr                       sfr          000000
__Hsivt_hi                   sivt_hi      000000
__Hsivt_lo                   sivt_lo      000000
__Hsmallconst                smallconst   000602
__Hspace_0                   (abs)        0010DA
__Hspace_1                   (abs)        00005A
__Hspace_2                   (abs)        000000
__Hspace_4                   (abs)        60000E
__Hstack                     stack        000000
__Hstruct                    struct       000000
__Htemp                      temp         000000
__Htext                      text         000000
__Htext0                     text0        000000
__Htext1                     text1        000000
__Htext10                    text10       000000
__Htext11                    text11       000000
__Htext12                    text12       000000
__Htext13                    text13       000000
__Htext14                    text14       000000
__Htext2                     text2        000000
__Htext3                     text3        000000
__Htext4                     text4        000000
__Htext5                     text5        000000
__Htext6                     text6        000000
__Htext7                     text7        000000
__Htext8                     text8        000000
__Htext9                     text9        000000
__LRAM                       (abs)        000001
__L__absolute__              __absolute__ 000000
__Labs1                      abs1         000000
__Lbank0                     bank0        000000
__Lbank1                     bank1        000000
__Lbank2                     bank2        000000
__Lbank3                     bank3        000000
__Lbank4                     bank4        000000
__Lbank5                     bank5        000000
__Lbigbss                    bigbss       000000
__Lbigdata                   bigdata      000000
__Lbigram                    bigram       000000
__Lbigsfr                    bigsfr       000000
__Lbss                       bss          000000
__LbssCOMRAM                 bssCOMRAM    000000
__Lcinit                     cinit        000000
__Lclrtext                   clrtext      000000
__Lcomram                    comram       000000
__Lconfig                    config       000000
__Lconst                     const        000000
__LcstackCOMRAM              cstackCOMRAM 000000
__Ldata                      data         000000
__LdataCOMRAM                dataCOMRAM   000000
__Leeprom_data               eeprom_data  000000
__Lfarbss                    farbss       000000
__Lfardata                   fardata      000000
__Lheap                      heap         000000
__Libigdata                  ibigdata     000000
__Lidata                     idata        000000
__LidataCOMRAM               idataCOMRAM  000000
__Lidloc                     idloc        000000
__Lifardata                  ifardata     000000
__Linit                      init         000000
__Lintcode                   intcode      000000
__Lintcode_body              intcode_body 000000
__Lintcodelo                 intcodelo    000000
__Lintentry                  intentry     000000
__Lintret                    intret       000000
__Lintsave_regs              intsave_regs 000000
__Lirdata                    irdata       000000
__Lmediumconst               mediumconst  000000
__LnvFARRAM                  nvFARRAM     000000
__Lnvbit                     nvbit        000000
__Lnvrram                    nvrram       000000
__Lparam                     rparam       000000
__Lpowerup                   powerup      000000
__Lram                       ram          000000
__Lramtop                    ramtop       000600
__Lrbit                      rbit         000000
__Lrbss                      rbss         000000
__Lrdata                     rdata        000000
__Lreset_vec                 reset_vec    000000
__Lrparam                    rparam       000000
__Lsfr                       sfr          000000
__Lsivt_hi                   sivt_hi      000000
__Lsivt_lo                   sivt_lo      000000
__Lsmallconst                smallconst   000600
__Lspace_0                   (abs)        000000
__Lspace_1                   (abs)        000000
__Lspace_2                   (abs)        000000
__Lspace_4                   (abs)        000000
__Lstack                     stack        000000
__Lstruct                    struct       000000
__Ltemp                      temp         000000
__Ltext                      text         000000
__Ltext0                     text0        000000
__Ltext1                     text1        000000
__Ltext10                    text10       000000
__Ltext11                    text11       000000
__Ltext12                    text12       000000
__Ltext13                    text13       000000
__Ltext14                    text14       000000
__Ltext2                     text2        000000
__Ltext3                     text3        000000
__Ltext4                     text4        000000
__Ltext5                     text5        000000
__Ltext6                     text6        000000
__Ltext7                     text7        000000
__Ltext8                     text8        000000
__Ltext9                     text9        000000
__S0                         (abs)        0010DA
__S1                         (abs)        00005A
__S4                         (abs)        000000
__S5                         (abs)        000000
___fldiv                     text9        000602
___fldiv@a                   cstackCOMRAM 000013
___fldiv@aexp                cstackCOMRAM 000027
___fldiv@b                   cstackCOMRAM 00000F
___fldiv@bexp                cstackCOMRAM 000026
___fldiv@grs                 cstackCOMRAM 000022
___fldiv@new_exp             cstackCOMRAM 000020
___fldiv@rem                 cstackCOMRAM 00001B
___fldiv@sign                cstackCOMRAM 00001F
___fltol                     text8        000C4E
___fltol@exp1                cstackCOMRAM 000031
___fltol@f1                  cstackCOMRAM 000028
___fltol@sign1               cstackCOMRAM 000030
___heap_hi                   (abs)        000000
___heap_lo                   (abs)        000000
___inthi_sp                  stack        000000
___inthi_stack_hi            stack        000000
___inthi_stack_lo            stack        000000
___intlo_sp                  stack        000000
___intlo_stack_hi            stack        000000
___intlo_stack_lo            stack        000000
___param_bank                (abs)        000000
___rparam_used               (abs)        000001
___sp                        stack        000000
___stack_hi                  stack        000000
___stack_lo                  stack        000000
___xxtofl                    text7        000992
___xxtofl@arg                cstackCOMRAM 00000B
___xxtofl@exp                cstackCOMRAM 00000A
___xxtofl@sign               cstackCOMRAM 000009
___xxtofl@val                cstackCOMRAM 000001
__accesstop                  (abs)        000060
__activetblptr               (abs)        000000
__end_of___fldiv             text9        000992
__end_of___fltol             text8        000D54
__end_of___xxtofl            text7        000B46
__end_of__initialization     cinit        001096
__end_of_can_transmit        text13       000ECC
__end_of_get_gear_pos        text10       000DEC
__end_of_get_speed           text5        000E5C
__end_of_init_adc            text4        001074
__end_of_init_can            text3        00100C
__end_of_init_config         text1        0010DA
__end_of_init_matrix_keypad  text2        0010CC
__end_of_main                text0        000F32
__end_of_read_adc            text6        000FD0
__end_of_read_switches       text11       000F8A
__end_of_scan_key            text12       000C4E
__end_of_set_msg_id_std      text14       001048
__initialization             cinit        001074
__mediumconst                mediumconst  000000
__pbssCOMRAM                 bssCOMRAM    000059
__pcinit                     cinit        001074
__pcstackCOMRAM              cstackCOMRAM 000001
__pdataCOMRAM                dataCOMRAM   00003C
__pidataCOMRAM               idataCOMRAM  00109C
__psmallconst                smallconst   000600
__ptext0                     text0        000ECC
__ptext1                     text1        0010CC
__ptext10                    text10       000D54
__ptext11                    text11       000F32
__ptext12                    text12       000B46
__ptext13                    text13       000E5C
__ptext14                    text14       00100C
__ptext2                     text2        0010BA
__ptext3                     text3        000FD0
__ptext4                     text4        001048
__ptext5                     text5        000DEC
__ptext6                     text6        000F8A
__ptext7                     text7        000992
__ptext8                     text8        000C4E
__ptext9                     text9        000602
__ramtop                     ramtop       000600
__smallconst                 smallconst   000600
_can_transmit                text13       000E5C
_get_gear_pos                text10       000D54
_get_speed                   text5        000DEC
_init_adc                    text4        001048
_init_can                    text3        000FD0
_init_config                 text1        0010CC
_init_matrix_keypad          text2        0010BA
_main                        text0        000ECC
_read_adc                    text6        000F8A
_read_switches               text11       000F32
_scan_key                    text12       000B46
_set_msg_id_std              text14       00100C
can_transmit@data            cstackCOMRAM 000007
can_transmit@i               cstackCOMRAM 00000E
can_transmit@len             cstackCOMRAM 000008
can_transmit@msg_id          cstackCOMRAM 000005
can_transmit@ptr             cstackCOMRAM 00000C
end_of_initialization        cinit        001096
get_gear_pos@F10511          dataCOMRAM   00003C
get_gear_pos@current_gear    cstackCOMRAM 000020
get_gear_pos@gear            cstackCOMRAM 000004
get_gear_pos@key             cstackCOMRAM 00001F
get_speed@adc_value          cstackCOMRAM 000034
get_speed@speed              cstackCOMRAM 000036
intlevel0                    text         000000
intlevel1                    text         000000
intlevel2                    text         000000
intlevel3                    text         000000
isa$std                      (abs)        000001
isa$xinst                    (abs)        000000
main@gear                    cstackCOMRAM 00003B
main@speed                   cstackCOMRAM 000039
read_adc@channel             cstackCOMRAM 000007
read_adc@reg_val             cstackCOMRAM 000005
read_digital_keypad@once     dataCOMRAM   000058
read_switches@detection_type cstackCOMRAM 000001
read_switches@key            bssCOMRAM    000059
read_switches@once           dataCOMRAM   000057
set_msg_id_std@id            cstackCOMRAM 000001
stackhi                      (abs)        000000
stacklo                      (abs)        000000
start                        init         000000
start_initialization         cinit        001074


MODULE INFORMATION

Module		Function		Class		Link	Load	Size
matrix_keypad.c
		_init_matrix_keypad		CODE           	10BA	0000	18
		_read_switches 		CODE           	0F32	0000	88
		_scan_key      		CODE           	0B46	0000	264

matrix_keypad.c estimated size: 370

C:\Program Files\Microchip\xc8\v2.50\pic\sources\c99\common\sprcdiv.c
		___fldiv       		CODE           	0602	0000	912

C:\Program Files\Microchip\xc8\v2.50\pic\sources\c99\common\sprcdiv.c estimated size: 912

ecu1_main.c
		_main          		CODE           	0ECC	0000	102
		_init_config   		CODE           	10CC	0000	14

ecu1_main.c estimated size: 116

adc.c
		_init_adc      		CODE           	1048	0000	44
		_read_adc      		CODE           	0F8A	0000	70

adc.c estimated size: 114

C:\Program Files\Microchip\xc8\v2.50\pic\sources\c99\common\xxtofl.c
		___xxtofl      		CODE           	0992	0000	436

C:\Program Files\Microchip\xc8\v2.50\pic\sources\c99\common\xxtofl.c estimated size: 436

shared
		__initialization		CODE           	1074	0000	34

shared estimated size: 34

ecu1_sensor.c
		_get_speed     		CODE           	0DEC	0000	112
		_get_gear_pos  		CODE           	0D54	0000	152

ecu1_sensor.c estimated size: 264

can.c
		_set_msg_id_std		CODE           	100C	0000	60
		_can_transmit  		CODE           	0E5C	0000	112
		_init_can      		CODE           	0FD0	0000	60

can.c estimated size: 232

C:\Program Files\Microchip\xc8\v2.50\pic\sources\c99\common\fltol.c
		___fltol       		CODE           	0C4E	0000	262

C:\Program Files\Microchip\xc8\v2.50\pic\sources\c99\common\fltol.c estimated size: 262

